[demo.bestpixels.net/trav/index04b9.html]
[demo.bestpixels.net/trav/images/ico/favicon.png]
[backblue.gif]
[fade.gif]
[index.html]
[demo.bestpixels.net/trav/images/ico/favicon.ico]
[demo.bestpixels.net/trav/assets/css/bootstrap.css]
[demo.bestpixels.net/trav/lib/icofont/css/icofont.css]
[demo.bestpixels.net/trav/lib/Magnific-Popup/dist/magnific-popup.css]
[demo.bestpixels.net/trav/css/font.css]
[demo.bestpixels.net/trav/css/style.css]
[demo.bestpixels.net/trav/images/logo.png]
[demo.bestpixels.net/trav/images/deals/1.jpg]
[demo.bestpixels.net/trav/images/deals/2.jpg]
[demo.bestpixels.net/trav/images/deals/3.jpg]
[demo.bestpixels.net/trav/images/deals/offer.jpg]
[demo.bestpixels.net/trav/images/testimonials/video.jpg]
[demo.bestpixels.net/trav/images/testimonials/1.jpg]
[demo.bestpixels.net/trav/images/testimonials/3.jpg]
[demo.bestpixels.net/trav/images/testimonials/2.jpg]
[demo.bestpixels.net/trav/images/partners/1.png]
[demo.bestpixels.net/trav/images/partners/2.png]
[demo.bestpixels.net/trav/images/partners/3.png]
[demo.bestpixels.net/trav/images/partners/4.png]
[demo.bestpixels.net/trav/images/partners/5.png]
[demo.bestpixels.net/trav/images/partners/6.png]
[demo.bestpixels.net/trav/images/partners/7.png]
[demo.bestpixels.net/trav/index.html]
[demo.bestpixels.net/trav/images/footer-logo.png]
[demo.bestpixels.net/trav/js/jquery.js]
[demo.bestpixels.net/trav/assets/js/bootstrap.min.js]
[demo.bestpixels.net/trav/lib/One-Page-Nav/jquery.scrollTo.js]
[demo.bestpixels.net/trav/lib/One-Page-Nav/jquery.nav.js]
[demo.bestpixels.net/trav/lib/masonry/masonry.pkgd.min.js]
[demo.bestpixels.net/trav/lib/Magnific-Popup/dist/jquery.magnific-popup.min.js]
[demo.bestpixels.net/trav/js/custom.js]
[demo.bestpixels.net/trav/lib/Mailchimp/mc-validate.js]
[demo.bestpixels.net/trav/lib/Mailchimp/send.js]
[demo.bestpixels.net/trav/lib/contact-form/jquery.ajaxchimp.min.js]
[demo.bestpixels.net/trav/index04b9.html]
[demo.bestpixels.net/trav/lib/contact-form/validate.js]
[demo.bestpixels.net/trav/assets/fonts/glyphicons-halflings-regular.eot]
[demo.bestpixels.net/trav/assets/fonts/glyphicons-halflings-regulard41d.eot]
[demo.bestpixels.net/trav/assets/fonts/glyphicons-halflings-regular.woff2]
[demo.bestpixels.net/trav/assets/fonts/glyphicons-halflings-regular.woff]
[demo.bestpixels.net/trav/assets/fonts/glyphicons-halflings-regular.ttf]
[demo.bestpixels.net/trav/assets/css/bootstrap.css]
[demo.bestpixels.net/trav/assets/fonts/glyphicons-halflings-regular.svg]
[demo.bestpixels.net/trav/lib/icofont/fonts/icofont7858.eot]
[demo.bestpixels.net/trav/lib/icofont/fonts/icofont7858.woff]
[demo.bestpixels.net/trav/lib/icofont/css/icofont.css]
[demo.bestpixels.net/trav/lib/Magnific-Popup/dist/magnific-popup.css]
[demo.bestpixels.net/trav/css/font.css]
[demo.bestpixels.net/trav/images/bg/header.jpg]
[demo.bestpixels.net/trav/images/bg/offer.jpg]
[demo.bestpixels.net/trav/images/bg/subscribe.jpg]
[demo.bestpixels.net/trav/css/style.css]
[demo.bestpixels.net/trav/index.html]
[demo.bestpixels.net/trav/assets/fonts/glyphicons-halflings-regular.svg]
[demo.bestpixels.net/trav/lib/icofont/fonts/icofont7858.svg]
[demo.bestpixels.net/trav/lib/icofont/fonts/icofont7858.ttf]
[demo.bestpixels.net/trav/lib/icofont/fonts/icofont7858.svg]
